#At time x process y state arr w total z remain y wait k
At time 10 process 1 started arr 10 total 3 remain 3 wait 0
At time 12 process 1 stopped arr 10 total 3 remain 1 wait 0
At time 20 process 2 started arr 20 total 5 remain 5 wait 0
At time 22 process 2 stopped arr 20 total 5 remain 3 wait 0
At time 22 process 3 started arr 21 total 30 remain 30 wait 1
At time 24 process 3 stopped arr 21 total 30 remain 28 wait 1
At time 24 process 8 resumed arr 10 total 3 remain 1 wait 3
At time 25 process 1 finished arr 10 total 3 remain 0 wait 12 TA 15 WTA 5.00
At time 28 process 4 started arr 28 total 7 remain 7 wait 0
At time 30 process 4 stopped arr 28 total 7 remain 5 wait 0
At time 31 process 4 resumed arr 28 total 7 remain 5 wait 1
At time 33 process 4 stopped arr 28 total 7 remain 3 wait 1
At time 34 process 2 resumed arr 20 total 5 remain 3 wait 3
At time 36 process 2 stopped arr 20 total 5 remain 1 wait 3
At time 37 process 2 finished arr 20 total 5 remain 0 wait 12 TA 17 WTA 3.40
At time 37 process 4 resumed arr 28 total 7 remain 3 wait 5
At time 38 process 4 finished arr 28 total 7 remain 0 wait 3 TA 10 WTA 1.43
At time 38 process 3 resumed arr 21 total 30 remain 28 wait 6
At time 40 process 3 stopped arr 21 total 30 remain 26 wait 6
At time 41 process 2 started arr 20 total 5 remain 1 wait 21
At time 43 process 3 resumed arr 21 total 30 remain 26 wait 9
At time 45 process 3 stopped arr 21 total 30 remain 24 wait 9
At time 46 process 3 resumed arr 21 total 30 remain 24 wait 10
At time 48 process 3 stopped arr 21 total 30 remain 22 wait 10
At time 49 process 3 resumed arr 21 total 30 remain 22 wait 11
At time 51 process 3 stopped arr 21 total 30 remain 20 wait 11
At time 52 process 3 resumed arr 21 total 30 remain 20 wait 12
At time 54 process 3 stopped arr 21 total 30 remain 18 wait 12
At time 55 process 3 resumed arr 21 total 30 remain 18 wait 13
At time 57 process 3 stopped arr 21 total 30 remain 16 wait 13
At time 58 process 3 resumed arr 21 total 30 remain 16 wait 14
At time 60 process 3 stopped arr 21 total 30 remain 14 wait 14
At time 61 process 3 resumed arr 21 total 30 remain 14 wait 15
At time 63 process 3 stopped arr 21 total 30 remain 12 wait 15
At time 64 process 3 resumed arr 21 total 30 remain 12 wait 16
At time 66 process 3 stopped arr 21 total 30 remain 10 wait 16
At time 67 process 3 resumed arr 21 total 30 remain 10 wait 17
At time 68 process 3 finished arr 21 total 30 remain 0 wait 17 TA 47 WTA 1.57
